******************************************************************************
                  TI ARM Linker PC v20.2.7                     
******************************************************************************
>> Linked Wed Mar 12 10:33:25 2025

OUTPUT FILE NAME:   <Lab7.out>
ENTRY POINT SYMBOL: "_c_int00_noargs"  address: 00003e3d


MEMORY CONFIGURATION

         name            origin    length      used     unused   attr    fill
----------------------  --------  ---------  --------  --------  ----  --------
  FLASH                 00000000   00040000  000041f0  0003be10  R  X
  SRAM                  20000000   00008000  00002336  00005cca  RW X


SEGMENT ALLOCATION MAP

run origin  load origin   length   init length attrs members
----------  ----------- ---------- ----------- ----- -------
00000000    00000000    000041f0   000041f0    r-x
  00000000    00000000    0000026c   0000026c    r-- .intvecs
  0000026c    0000026c    00003e14   00003e14    r-x .text
  00004080    00004080    00000118   00000118    r-- .const
  00004198    00004198    00000058   00000058    r-- .cinit
20000000    20000000    0000233d   00000000    rw-
  20000000    20000000    0000026c   00000000    rw- .vtable
  20000270    20000270    00001000   00000000    rw- .stack
  20001270    20001270    00001000   00000000    rw- .sysmem
  20002270    20002270    00000089   00000000    rw- .bss
  200022fc    200022fc    00000041   00000000    rw- .data


SECTION ALLOCATION MAP

 output                                  attributes/
section   page    origin      length       input sections
--------  ----  ----------  ----------   ----------------
.intvecs   0    00000000    0000026c     
                  00000000    0000026c     tm4c123gh6pm_startup_ccs.obj (.intvecs)

.text      0    0000026c    00003e14     
                  0000026c    00000c20     open_interface.obj (.text)
                  00000e8c    00000a4e     rtsv7M4_T_le_v4SPD16_eabi.lib : _printfi.c.obj (.text:__TI_printfi)
                  000018da    00000002                                   : _lock.c.obj (.text:_nop)
                  000018dc    00000328     lcd.obj (.text)
                  00001c04    00000270     rtsv7M4_T_le_v4SPD16_eabi.lib : _printfi.c.obj (.text:_pconv_a)
                  00001e74    00000260     libcybotScan.lib : cyBot_Scan.obj (.text)
                  000020d4    00000248     Timer.obj (.text)
                  0000231c    000001f8     uart-interrupt.obj (.text)
                  00002514    000001ec     libcybotScan.lib : ping.obj (.text)
                  00002700    000001d0     rtsv7M4_T_le_v4SPD16_eabi.lib : _printfi.c.obj (.text:_pconv_g)
                  000028d0    000001b6                                   : fd_add_t2.asm.obj (.text)
                  00002a86    00000002                                   : div0.asm.obj (.text)
                  00002a88    00000158     libcybotScan.lib : servo.obj (.text)
                  00002be0    0000013c     rtsv7M4_T_le_v4SPD16_eabi.lib : _printfi.c.obj (.text:_pconv_e)
                  00002d1c    00000136                                   : fd_div_t2.asm.obj (.text)
                  00002e52    00000002     --HOLE-- [fill = 0]
                  00002e54    00000124                                   : _printfi.c.obj (.text:fcvt)
                  00002f78    00000118     libcybotScan.lib : ir.obj (.text)
                  00003090    00000110     rtsv7M4_T_le_v4SPD16_eabi.lib : s_scalbn.c.obj (.text:scalbn)
                  000031a0    00000100                                   : memory.c.obj (.text:aligned_alloc)
                  000032a0    00000100     main7.obj (.text)
                  000033a0    000000fc     rtsv7M4_T_le_v4SPD16_eabi.lib : fd_mul_t2.asm.obj (.text)
                  0000349c    000000e4                                   : memory.c.obj (.text:free)
                  00003580    000000b1                                   : _printfi.c.obj (.text:_ltostr)
                  00003631    00000001     --HOLE-- [fill = 0]
                  00003632    0000009c                                   : memcpy_t2.asm.obj (.text)
                  000036ce    00000096                                   : ull_div_t2.asm.obj (.text)
                  00003764    00000086                                   : fd_cmp_t2.asm.obj (.text:__aeabi_cdcmple)
                  000037ea    00000086                                   : fd_cmp_t2.asm.obj (.text:__aeabi_cdrcmple)
                  00003870    0000007a                                   : memset_t2.asm.obj (.text)
                  000038ea    00000002     --HOLE-- [fill = 0]
                  000038ec    00000070                                   : memory.c.obj (.text:split)
                  0000395c    0000006e                                   : _printfi.c.obj (.text:_mcpy)
                  000039ca    0000006e                                   : fd_tos_t2.asm.obj (.text)
                  00003a38    00000068                                   : copy_decompress_lzss.c.obj (.text:decompress:lzss:__TI_decompress_lzss)
                  00003aa0    00000064                                   : s_frexp.c.obj (.text:frexp)
                  00003b04    00000056                                   : _printfi.c.obj (.text:_pconv_f)
                  00003b5a    00000054                                   : _ltoa.c.obj (.text:__TI_ltoa)
                  00003bae    00000052                                   : _printfi.c.obj (.text:_ecpy)
                  00003c00    0000004c                                   : atoi.c.obj (.text:atoi)
                  00003c4c    00000048                                   : fd_toi_t2.asm.obj (.text)
                  00003c94    00000044                                   : autoinit.c.obj (.text:__TI_auto_init_nobinit_nopinit:__TI_auto_init_nobinit_nopinit)
                  00003cd8    00000040                                   : sprintf.c.obj (.text:sprintf)
                  00003d18    00000040                                   : vsnprintf.c.obj (.text:vsnprintf)
                  00003d58    0000003e                                   : _printfi.c.obj (.text:_fcpy)
                  00003d96    00000002     --HOLE-- [fill = 0]
                  00003d98    00000038                                   : memory.c.obj (.text:calloc)
                  00003dd0    00000038                                   : fs_tod_t2.asm.obj (.text)
                  00003e08    00000034     driverlib.lib : interrupt.obj (.text:IntRegister)
                  00003e3c    00000034     rtsv7M4_T_le_v4SPD16_eabi.lib : boot_cortex_m.c.obj (.text:_c_int00_noargs:_c_int00_noargs)
                  00003e70    00000030                                   : vsnprintf.c.obj (.text:_outs)
                  00003ea0    0000002e                                   : i_tofd_t2.asm.obj (.text)
                  00003ece    00000002     --HOLE-- [fill = 0]
                  00003ed0    00000028                                   : memory.c.obj (.text:free_list_insert)
                  00003ef8    0000001c                                   : copy_zero_init.c.obj (.text:decompress:ZI:__TI_zero_init_nomemset:__TI_zero_init_nomemset)
                  00003f14    0000001c                                   : memory.c.obj (.text:free_list_remove)
                  00003f30    0000001c                                   : memccpy.c.obj (.text:memccpy)
                  00003f4c    0000001a                                   : s_copysign.c.obj (.text:copysign)
                  00003f66    00000018                                   : vsnprintf.c.obj (.text:_outc)
                  00003f7e    00000018                                   : sprintf.c.obj (.text:_outs)
                  00003f96    00000018     open_interface.obj (.text:oi_parseInt)
                  00003fae    00000018     rtsv7M4_T_le_v4SPD16_eabi.lib : strcmp.c.obj (.text:strcmp)
                  00003fc6    00000016                                   : strchr.c.obj (.text:strchr)
                  00003fdc    00000014                                   : strcpy.c.obj (.text:strcpy)
                  00003ff0    00000014                                   : strlen.c.obj (.text:strlen)
                  00004004    00000012                                   : wcslen.c.obj (.text:wcslen)
                  00004016    00000010     driverlib.lib : interrupt.obj (.text:IntMasterEnable)
                  00004026    00000010     lcd.obj (.text:lcd_clear)
                  00004036    0000000e     rtsv7M4_T_le_v4SPD16_eabi.lib : copy_decompress_none.c.obj (.text:decompress:none:__TI_decompress_none)
                  00004044    0000000c     driverlib.lib : cpu.obj (.text:CPUcpsie)
                  00004050    0000000c     tm4c123gh6pm_startup_ccs.obj (.text)
                  0000405c    0000000a     rtsv7M4_T_le_v4SPD16_eabi.lib : sprintf.c.obj (.text:_outc)
                  00004066    00000002     --HOLE-- [fill = 0]
                  00004068    00000008                                   : errno.c.obj (.text:__aeabi_errno_addr)
                  00004070    00000008                                   : memory.c.obj (.text:malloc)
                  00004078    00000004                                   : pre_init.c.obj (.text:_system_pre_init)
                  0000407c    00000004                                   : exit.c.obj (.text:abort:abort)

.const     0    00004080    00000118     
                  00004080    00000101     rtsv7M4_T_le_v4SPD16_eabi.lib : ctype.c.obj (.const:.string:_ctypes_)
                  00004181    0000000f     open_interface.obj (.const:.string:$P$T0$3)
                  00004190    00000004     lcd.obj (.const:.string:lineAddress$1)
                  00004194    00000004     lcd.obj (.const:.string:lineAddresses$2)

.cinit     0    00004198    00000058     
                  00004198    0000001f     (.cinit..data.load) [load image, compression = lzss]
                  000041b7    00000001     --HOLE-- [fill = 0]
                  000041b8    0000000c     (__TI_handler_table)
                  000041c4    00000004     --HOLE-- [fill = 0]
                  000041c8    00000008     (.cinit..bss.load) [load image, compression = zero_init]
                  000041d0    00000008     (.cinit..vtable.load) [load image, compression = zero_init]
                  000041d8    00000018     (__TI_cinit_table)

.init_array 
*          0    00000000    00000000     UNINITIALIZED

.vtable    0    20000000    0000026c     UNINITIALIZED
                  20000000    0000026c     driverlib.lib : interrupt.obj (.vtable)

.stack     0    20000270    00001000     UNINITIALIZED
                  20000270    00000004     rtsv7M4_T_le_v4SPD16_eabi.lib : boot_cortex_m.c.obj (.stack)
                  20000274    00000ffc     --HOLE--

.sysmem    0    20001270    00001000     UNINITIALIZED
                  20001270    00000010     rtsv7M4_T_le_v4SPD16_eabi.lib : memory.c.obj (.sysmem)
                  20001280    00000ff0     --HOLE--

.bss       0    20002270    00000089     UNINITIALIZED
                  20002270    00000054     lcd.obj (.bss:lastbuffer$3)
                  200022c4    00000018     open_interface.obj (.bss:firmware$2)
                  200022dc    00000004     (.common:_timeout_ticks)
                  200022e0    00000004     (.common:fallingEdge)
                  200022e4    00000004     (.common:isr_int_value)
                  200022e8    00000004     (.common:left_calibration_value)
                  200022ec    00000004     (.common:pulseLength)
                  200022f0    00000004     (.common:right_calibration_value)
                  200022f4    00000004     (.common:risingEdge)
                  200022f8    00000001     (.common:isRisingEdge)

.data      0    200022fc    00000041     UNINITIALIZED
                  200022fc    00000020     open_interface.obj (.data)
                  2000231c    00000008     rtsv7M4_T_le_v4SPD16_eabi.lib : _lock.c.obj (.data:$O1$$)
                  20002324    00000008                                   : memory.c.obj (.data:$O1$$)
                  2000232c    00000008     uart-interrupt.obj (.data)
                  20002334    00000004     libcybotScan.lib : cyBot_Scan.obj (.data)
                  20002338    00000004     rtsv7M4_T_le_v4SPD16_eabi.lib : errno.c.obj (.data)
                  2000233c    00000001     Timer.obj (.data)

__llvm_prf_cnts 
*          0    20000000    00000000     UNINITIALIZED

MODULE SUMMARY

       Module                         code    ro data   rw data
       ------                         ----    -------   -------
    .\
       open_interface.obj             3128    15        56     
       lcd.obj                        824     8         84     
       tm4c123gh6pm_startup_ccs.obj   12      620       0      
       Timer.obj                      584     0         5      
       uart-interrupt.obj             504     0         8      
       main7.obj                      256     0         8      
    +--+------------------------------+-------+---------+---------+
       Total:                         5308    643       161    
                                                               
    ../libcybotScan.lib
       cyBot_Scan.obj                 608     0         4      
       ping.obj                       492     0         13     
       servo.obj                      344     0         0      
       ir.obj                         280     0         4      
    +--+------------------------------+-------+---------+---------+
       Total:                         1724    0         21     
                                                               
    C:/ti/TivaWare_C_Series-2.2.0.295/driverlib/ccs/Debug/driverlib.lib
       interrupt.obj                  68      0         620    
       cpu.obj                        12      0         0      
    +--+------------------------------+-------+---------+---------+
       Total:                         80      0         620    
                                                               
    C:\ti\ccs1271\ccs\tools\compiler\ti-cgt-arm_20.2.7.LTS\lib\rtsv7M4_T_le_v4SPD16_eabi.lib
       _printfi.c.obj                 4851    0         0      
       memory.c.obj                   728     0         8      
       fd_add_t2.asm.obj              438     0         0      
       fd_div_t2.asm.obj              310     0         0      
       s_scalbn.c.obj                 272     0         0      
       fd_cmp_t2.asm.obj              268     0         0      
       ctype.c.obj                    0       257       0      
       fd_mul_t2.asm.obj              252     0         0      
       memcpy_t2.asm.obj              156     0         0      
       ull_div_t2.asm.obj             150     0         0      
       vsnprintf.c.obj                136     0         0      
       memset_t2.asm.obj              122     0         0      
       fd_tos_t2.asm.obj              110     0         0      
       copy_decompress_lzss.c.obj     104     0         0      
       s_frexp.c.obj                  100     0         0      
       sprintf.c.obj                  98      0         0      
       _ltoa.c.obj                    84      0         0      
       atoi.c.obj                     76      0         0      
       fd_toi_t2.asm.obj              72      0         0      
       autoinit.c.obj                 68      0         0      
       fs_tod_t2.asm.obj              56      0         0      
       boot_cortex_m.c.obj            52      0         0      
       i_tofd_t2.asm.obj              46      0         0      
       copy_zero_init.c.obj           28      0         0      
       memccpy.c.obj                  28      0         0      
       s_copysign.c.obj               26      0         0      
       strcmp.c.obj                   24      0         0      
       strchr.c.obj                   22      0         0      
       strcpy.c.obj                   20      0         0      
       strlen.c.obj                   20      0         0      
       wcslen.c.obj                   18      0         0      
       copy_decompress_none.c.obj     14      0         0      
       errno.c.obj                    8       0         4      
       _lock.c.obj                    2       0         8      
       exit.c.obj                     4       0         0      
       pre_init.c.obj                 4       0         0      
       div0.asm.obj                   2       0         0      
    +--+------------------------------+-------+---------+---------+
       Total:                         8769    257       20     
                                                               
       Heap:                          0       0         4096   
       Stack:                         0       0         4096   
       Linker Generated:              0       83        0      
    +--+------------------------------+-------+---------+---------+
       Grand Total:                   15881   983       9014   


LINKER GENERATED COPY TABLES

__TI_cinit_table @ 000041d8 records: 3, size/record: 8, table size: 24
	.data: load addr=00004198, load size=0000001f bytes, run addr=200022fc, run size=00000041 bytes, compression=lzss
	.bss: load addr=000041c8, load size=00000008 bytes, run addr=20002270, run size=00000089 bytes, compression=zero_init
	.vtable: load addr=000041d0, load size=00000008 bytes, run addr=20000000, run size=0000026c bytes, compression=zero_init


LINKER GENERATED HANDLER TABLE

__TI_handler_table @ 000041b8 records: 3, size/record: 4, table size: 12
	index: 0, handler: __TI_zero_init
	index: 1, handler: __TI_decompress_lzss
	index: 2, handler: __TI_decompress_none


GLOBAL SYMBOLS: SORTED ALPHABETICALLY BY Name 

address   name                          
-------   ----                          
00003011  ADC0SS0_Handler               
0000407d  C$$EXIT                       
00004045  CPUcpsie                      
00000bc3  GPIOF_Handler                 
00004017  IntMasterEnable               
00003e09  IntRegister                   
00004051  ResetISR                      
00002605  TIMER3B_Handler               
00002471  UART1_Handler                 
20001270  __STACK_END                   
00001000  __STACK_SIZE                  
20000470  __STACK_TOP                   
00001000  __SYSMEM_SIZE                 
000041d8  __TI_CINIT_Base               
000041f0  __TI_CINIT_Limit              
000041b8  __TI_Handler_Table_Base       
000041c4  __TI_Handler_Table_Limit      
00003c95  __TI_auto_init_nobinit_nopinit
00003a39  __TI_decompress_lzss          
00004037  __TI_decompress_none          
00003b5b  __TI_ltoa                     
ffffffff  __TI_pprof_out_hndl           
00000e8d  __TI_printfi                  
ffffffff  __TI_prof_data_size           
ffffffff  __TI_prof_data_start          
00000000  __TI_static_base__            
00003ef9  __TI_zero_init_nomemset       
00003765  __aeabi_cdcmpeq               
00003765  __aeabi_cdcmple               
000037eb  __aeabi_cdrcmple              
000039cb  __aeabi_d2f                   
00003c4d  __aeabi_d2iz                  
000028db  __aeabi_dadd                  
00002d1d  __aeabi_ddiv                  
000033a1  __aeabi_dmul                  
000028d1  __aeabi_dsub                  
00004069  __aeabi_errno_addr            
00003dd1  __aeabi_f2d                   
00003ea1  __aeabi_i2d                   
00002a87  __aeabi_idiv0                 
00002a87  __aeabi_ldiv0                 
00003871  __aeabi_memclr                
00003871  __aeabi_memclr4               
00003871  __aeabi_memclr8               
00003633  __aeabi_memcpy                
00003633  __aeabi_memcpy4               
00003633  __aeabi_memcpy8               
00003873  __aeabi_memset                
00003873  __aeabi_memset4               
00003873  __aeabi_memset8               
000036cf  __aeabi_uldivmod              
ffffffff  __binit__                     
ffffffff  __c_args__                    
UNDEFED   __mpu_init                    
20000270  __stack                       
20000000  __start___llvm_prf_cnts       
20000000  __stop___llvm_prf_cnts        
00003e3d  _c_int00_noargs               
00004080  _ctypes_                      
2000231c  _lock                         
000018db  _nop                          
2000233c  _running                      
20001270  _sys_memory                   
UNDEFED   _system_post_cinit            
00004079  _system_pre_init              
200022dc  _timeout_ticks                
20002320  _unlock                       
0000407d  abort                         
000031a1  aligned_alloc                 
00003c01  atoi                          
ffffffff  binit                         
00003365  calibrateServos               
00003d99  calloc                        
000032ab  checkpoint1                   
2000232c  command_byte                  
20002330  command_flag                  
00003f4d  copysign                      
00003f4d  copysignl                     
00001f4d  cyBOT_SERVO_cal               
00001edb  cyBOT_Scan                    
00001e83  cyBOT_init_Scan               
20002334  cyBOT_scan_features           
00001e75  cyBOT_scan_version            
20002338  errno                         
200022e0  fallingEdge                   
0000349d  free                          
00003aa1  frexp                         
00003aa1  frexpl                        
20000000  g_pfnRAMVectors               
00000000  g_pfnVectors                  
0000097f  go_charge                     
00003027  ir_enableInterrupt            
00003009  ir_getDistance                
00002fe1  ir_getValue                   
00002f79  ir_init                       
200022f8  isRisingEdge                  
200022e4  isr_int_value                 
00004027  lcd_clear                     
00001ab1  lcd_gotoLine                  
00001919  lcd_init                      
00001b17  lcd_printf                    
000019d9  lcd_putc                      
00001a11  lcd_puts                      
000018dd  lcd_reverseNibble             
00001a2f  lcd_sendCommand               
00001a6d  lcd_sendNibble                
00001ad9  lcd_setCursorPos              
00003091  ldexp                         
00003091  ldexpl                        
200022e8  left_calibration_value        
000032a1  main                          
00004071  malloc                        
000031a1  memalign                      
00003f31  memccpy                       
00003633  memcpy                        
00003879  memset                        
200022fc  motor_cal_factor_L            
20002300  motor_cal_factor_R            
00003315  multiScanIR                   
0000026d  oi_alloc                      
00000aa9  oi_checkFirmware              
000002c7  oi_close                      
00000279  oi_free                       
00000ded  oi_getMotorCalibrationLeft    
00000e01  oi_getMotorCalibrationRight   
000002b1  oi_init                       
00000289  oi_init_noupdate              
00000915  oi_loadSong                   
00003f97  oi_parseInt                   
0000032b  oi_parsePacket                
0000096b  oi_play_song                  
0000084b  oi_setLeds                    
00000db1  oi_setMotorCalibration        
0000088f  oi_setWheels                  
00000b51  oi_shutoff_init               
0000098d  oi_uartInit                   
00000a31  oi_uartReceive                
00000a77  oi_uartSendBuff               
00000a15  oi_uartSendChar               
00000a59  oi_uartSendStr                
000002d9  oi_update                     
00002657  ping_getDistance              
00002515  ping_init                     
0000259b  ping_trigger                  
200022ec  pulseLength                   
200022f0  right_calibration_value       
200022f4  risingEdge                    
00003091  scalbn                        
00003091  scalbnl                       
00002a89  servo_init                    
00002b19  servo_move                    
00002b79  servo_setPWM                  
00002b0d  servo_stop                    
00003cd9  sprintf                       
00003fc7  strchr                        
00003faf  strcmp                        
00003fdd  strcpy                        
00003ff1  strlen                        
000021f3  timer_getMicros               
0000219b  timer_getMillis               
000020d5  timer_init                    
00002177  timer_pause                   
00002189  timer_resume                  
0000214d  timer_stop                    
0000224d  timer_waitMicros              
0000227f  timer_waitMillis              
0000231d  uart_interrupt_init           
000023ef  uart_receive                  
00002415  uart_recieve_nonblocking      
000023d3  uart_sendChar                 
0000243b  uart_sendStr                  
00003d19  vsnprintf                     
00004005  wcslen                        


GLOBAL SYMBOLS: SORTED BY Symbol Address 

address   name                          
-------   ----                          
00000000  __TI_static_base__            
00000000  g_pfnVectors                  
0000026d  oi_alloc                      
00000279  oi_free                       
00000289  oi_init_noupdate              
000002b1  oi_init                       
000002c7  oi_close                      
000002d9  oi_update                     
0000032b  oi_parsePacket                
0000084b  oi_setLeds                    
0000088f  oi_setWheels                  
00000915  oi_loadSong                   
0000096b  oi_play_song                  
0000097f  go_charge                     
0000098d  oi_uartInit                   
00000a15  oi_uartSendChar               
00000a31  oi_uartReceive                
00000a59  oi_uartSendStr                
00000a77  oi_uartSendBuff               
00000aa9  oi_checkFirmware              
00000b51  oi_shutoff_init               
00000bc3  GPIOF_Handler                 
00000db1  oi_setMotorCalibration        
00000ded  oi_getMotorCalibrationLeft    
00000e01  oi_getMotorCalibrationRight   
00000e8d  __TI_printfi                  
00001000  __STACK_SIZE                  
00001000  __SYSMEM_SIZE                 
000018db  _nop                          
000018dd  lcd_reverseNibble             
00001919  lcd_init                      
000019d9  lcd_putc                      
00001a11  lcd_puts                      
00001a2f  lcd_sendCommand               
00001a6d  lcd_sendNibble                
00001ab1  lcd_gotoLine                  
00001ad9  lcd_setCursorPos              
00001b17  lcd_printf                    
00001e75  cyBOT_scan_version            
00001e83  cyBOT_init_Scan               
00001edb  cyBOT_Scan                    
00001f4d  cyBOT_SERVO_cal               
000020d5  timer_init                    
0000214d  timer_stop                    
00002177  timer_pause                   
00002189  timer_resume                  
0000219b  timer_getMillis               
000021f3  timer_getMicros               
0000224d  timer_waitMicros              
0000227f  timer_waitMillis              
0000231d  uart_interrupt_init           
000023d3  uart_sendChar                 
000023ef  uart_receive                  
00002415  uart_recieve_nonblocking      
0000243b  uart_sendStr                  
00002471  UART1_Handler                 
00002515  ping_init                     
0000259b  ping_trigger                  
00002605  TIMER3B_Handler               
00002657  ping_getDistance              
000028d1  __aeabi_dsub                  
000028db  __aeabi_dadd                  
00002a87  __aeabi_idiv0                 
00002a87  __aeabi_ldiv0                 
00002a89  servo_init                    
00002b0d  servo_stop                    
00002b19  servo_move                    
00002b79  servo_setPWM                  
00002d1d  __aeabi_ddiv                  
00002f79  ir_init                       
00002fe1  ir_getValue                   
00003009  ir_getDistance                
00003011  ADC0SS0_Handler               
00003027  ir_enableInterrupt            
00003091  ldexp                         
00003091  ldexpl                        
00003091  scalbn                        
00003091  scalbnl                       
000031a1  aligned_alloc                 
000031a1  memalign                      
000032a1  main                          
000032ab  checkpoint1                   
00003315  multiScanIR                   
00003365  calibrateServos               
000033a1  __aeabi_dmul                  
0000349d  free                          
00003633  __aeabi_memcpy                
00003633  __aeabi_memcpy4               
00003633  __aeabi_memcpy8               
00003633  memcpy                        
000036cf  __aeabi_uldivmod              
00003765  __aeabi_cdcmpeq               
00003765  __aeabi_cdcmple               
000037eb  __aeabi_cdrcmple              
00003871  __aeabi_memclr                
00003871  __aeabi_memclr4               
00003871  __aeabi_memclr8               
00003873  __aeabi_memset                
00003873  __aeabi_memset4               
00003873  __aeabi_memset8               
00003879  memset                        
000039cb  __aeabi_d2f                   
00003a39  __TI_decompress_lzss          
00003aa1  frexp                         
00003aa1  frexpl                        
00003b5b  __TI_ltoa                     
00003c01  atoi                          
00003c4d  __aeabi_d2iz                  
00003c95  __TI_auto_init_nobinit_nopinit
00003cd9  sprintf                       
00003d19  vsnprintf                     
00003d99  calloc                        
00003dd1  __aeabi_f2d                   
00003e09  IntRegister                   
00003e3d  _c_int00_noargs               
00003ea1  __aeabi_i2d                   
00003ef9  __TI_zero_init_nomemset       
00003f31  memccpy                       
00003f4d  copysign                      
00003f4d  copysignl                     
00003f97  oi_parseInt                   
00003faf  strcmp                        
00003fc7  strchr                        
00003fdd  strcpy                        
00003ff1  strlen                        
00004005  wcslen                        
00004017  IntMasterEnable               
00004027  lcd_clear                     
00004037  __TI_decompress_none          
00004045  CPUcpsie                      
00004051  ResetISR                      
00004069  __aeabi_errno_addr            
00004071  malloc                        
00004079  _system_pre_init              
0000407d  C$$EXIT                       
0000407d  abort                         
00004080  _ctypes_                      
000041b8  __TI_Handler_Table_Base       
000041c4  __TI_Handler_Table_Limit      
000041d8  __TI_CINIT_Base               
000041f0  __TI_CINIT_Limit              
20000000  __start___llvm_prf_cnts       
20000000  __stop___llvm_prf_cnts        
20000000  g_pfnRAMVectors               
20000270  __stack                       
20000470  __STACK_TOP                   
20001270  __STACK_END                   
20001270  _sys_memory                   
200022dc  _timeout_ticks                
200022e0  fallingEdge                   
200022e4  isr_int_value                 
200022e8  left_calibration_value        
200022ec  pulseLength                   
200022f0  right_calibration_value       
200022f4  risingEdge                    
200022f8  isRisingEdge                  
200022fc  motor_cal_factor_L            
20002300  motor_cal_factor_R            
2000231c  _lock                         
20002320  _unlock                       
2000232c  command_byte                  
20002330  command_flag                  
20002334  cyBOT_scan_features           
20002338  errno                         
2000233c  _running                      
ffffffff  __TI_pprof_out_hndl           
ffffffff  __TI_prof_data_size           
ffffffff  __TI_prof_data_start          
ffffffff  __binit__                     
ffffffff  __c_args__                    
ffffffff  binit                         
UNDEFED   __mpu_init                    
UNDEFED   _system_post_cinit            

[173 symbols]
