******************************************************************************
                  TI ARM Linker PC v20.2.7                     
******************************************************************************
>> Linked Thu Mar 27 20:53:50 2025

OUTPUT FILE NAME:   <Lab7.out>
ENTRY POINT SYMBOL: "_c_int00_noargs"  address: 000060fd


MEMORY CONFIGURATION

         name            origin    length      used     unused   attr    fill
----------------------  --------  ---------  --------  --------  ----  --------
  FLASH                 00000000   00040000  0000668f  00039971  R  X
  SRAM                  20000000   00008000  00002342  00005cbe  RW X


SEGMENT ALLOCATION MAP

run origin  load origin   length   init length attrs members
----------  ----------- ---------- ----------- ----- -------
00000000    00000000    00006698   00006698    r-x
  00000000    00000000    0000026c   0000026c    r-- .intvecs
  0000026c    0000026c    000060d8   000060d8    r-x .text
  00006348    00006348    000002f3   000002f3    r-- .const
  00006640    00006640    00000058   00000058    r-- .cinit
20000000    20000000    00002349   00000000    rw-
  20000000    20000000    0000026c   00000000    rw- .vtable
  20000270    20000270    00001000   00000000    rw- .stack
  20001270    20001270    00001000   00000000    rw- .sysmem
  20002270    20002270    00000089   00000000    rw- .bss
  200022fc    200022fc    0000004d   00000000    rw- .data


SECTION ALLOCATION MAP

 output                                  attributes/
section   page    origin      length       input sections
--------  ----  ----------  ----------   ----------------
.intvecs   0    00000000    0000026c     
                  00000000    0000026c     tm4c123gh6pm_startup_ccs.obj (.intvecs)

.text      0    0000026c    000060d8     
                  0000026c    00000c90     main7.obj (.text)
                  00000efc    00000c20     open_interface.obj (.text)
                  00001b1c    00000a4e     rtsv7M4_T_le_v4SPD16_eabi.lib : _printfi.c.obj (.text:__TI_printfi)
                  0000256a    00000002                                   : _lock.c.obj (.text:_nop)
                  0000256c    00000738                                   : k_rem_pio2.c.obj (.text:__kernel_rem_pio2)
                  00002ca4    00000508                                   : s_tan.c.obj (.text:tan)
                  000031ac    000003a8     movement.obj (.text)
                  00003554    00000328     lcd.obj (.text)
                  0000387c    0000031c     rtsv7M4_T_le_v4SPD16_eabi.lib : k_tan.c.obj (.text:__kernel_tan)
                  00003b98    00000270                                   : _printfi.c.obj (.text:_pconv_a)
                  00003e08    00000260     libcybotScan.lib : cyBot_Scan.obj (.text)
                  00004068    00000248     Timer.obj (.text)
                  000042b0    00000214     uart-interrupt.obj (.text)
                  000044c4    000001ec     libcybotScan.lib : ping.obj (.text)
                  000046b0    000001d0     rtsv7M4_T_le_v4SPD16_eabi.lib : _printfi.c.obj (.text:_pconv_g)
                  00004880    000001b6                                   : fd_add_t2.asm.obj (.text)
                  00004a36    00000002                                   : div0.asm.obj (.text)
                  00004a38    00000158     libcybotScan.lib : servo.obj (.text)
                  00004b90    0000014c     rtsv7M4_T_le_v4SPD16_eabi.lib : vla_alloc.c.obj (.text:__vla_alloc)
                  00004cdc    0000013c                                   : _printfi.c.obj (.text:_pconv_e)
                  00004e18    00000136                                   : fd_div_t2.asm.obj (.text)
                  00004f4e    00000002     --HOLE-- [fill = 0]
                  00004f50    00000124                                   : _printfi.c.obj (.text:fcvt)
                  00005074    00000118     libcybotScan.lib : ir.obj (.text)
                  0000518c    00000110     rtsv7M4_T_le_v4SPD16_eabi.lib : s_scalbn.c.obj (.text:scalbn)
                  0000529c    00000100                                   : memory.c.obj (.text:aligned_alloc)
                  0000539c    000000fc                                   : fd_mul_t2.asm.obj (.text)
                  00005498    000000f8                                   : s_floor.c.obj (.text:floor)
                  00005590    000000e4                                   : memory.c.obj (.text:free)
                  00005674    000000e4                                   : memory.c.obj (.text:realloc)
                  00005758    000000b1                                   : _printfi.c.obj (.text:_ltostr)
                  00005809    00000001     --HOLE-- [fill = 0]
                  0000580a    0000009c                                   : memcpy_t2.asm.obj (.text)
                  000058a6    00000096                                   : ull_div_t2.asm.obj (.text)
                  0000593c    00000086                                   : fd_cmp_t2.asm.obj (.text:__aeabi_cdcmple)
                  000059c2    00000086                                   : fd_cmp_t2.asm.obj (.text:__aeabi_cdrcmple)
                  00005a48    0000007a                                   : memset_t2.asm.obj (.text)
                  00005ac2    00000002     --HOLE-- [fill = 0]
                  00005ac4    00000078                                   : vla_alloc.c.obj (.text:_ZN33_INTERNAL_11_vla_alloc_c_be8bd49b21free_dead_allocationsEPv)
                  00005b3c    00000070                                   : vla_alloc.c.obj (.text:__vla_dealloc)
                  00005bac    00000070                                   : memory.c.obj (.text:split)
                  00005c1c    0000006e                                   : _printfi.c.obj (.text:_mcpy)
                  00005c8a    0000006e                                   : fd_tos_t2.asm.obj (.text)
                  00005cf8    00000068                                   : copy_decompress_lzss.c.obj (.text:decompress:lzss:__TI_decompress_lzss)
                  00005d60    00000064                                   : s_frexp.c.obj (.text:frexp)
                  00005dc4    00000056                                   : _printfi.c.obj (.text:_pconv_f)
                  00005e1a    00000054                                   : _ltoa.c.obj (.text:__TI_ltoa)
                  00005e6e    00000052                                   : _printfi.c.obj (.text:_ecpy)
                  00005ec0    0000004c                                   : atoi.c.obj (.text:atoi)
                  00005f0c    00000048                                   : fd_toi_t2.asm.obj (.text)
                  00005f54    00000044                                   : autoinit.c.obj (.text:__TI_auto_init_nobinit_nopinit:__TI_auto_init_nobinit_nopinit)
                  00005f98    00000040                                   : sprintf.c.obj (.text:sprintf)
                  00005fd8    00000040                                   : vsnprintf.c.obj (.text:vsnprintf)
                  00006018    0000003e                                   : _printfi.c.obj (.text:_fcpy)
                  00006056    00000002     --HOLE-- [fill = 0]
                  00006058    00000038                                   : memory.c.obj (.text:calloc)
                  00006090    00000038                                   : fs_tod_t2.asm.obj (.text)
                  000060c8    00000034     driverlib.lib : interrupt.obj (.text:IntRegister)
                  000060fc    00000034     rtsv7M4_T_le_v4SPD16_eabi.lib : boot_cortex_m.c.obj (.text:_c_int00_noargs:_c_int00_noargs)
                  00006130    00000030                                   : vsnprintf.c.obj (.text:_outs)
                  00006160    0000002e                                   : i_tofd_t2.asm.obj (.text)
                  0000618e    00000002     --HOLE-- [fill = 0]
                  00006190    00000028                                   : memory.c.obj (.text:free_list_insert)
                  000061b8    0000001c                                   : copy_zero_init.c.obj (.text:decompress:ZI:__TI_zero_init_nomemset:__TI_zero_init_nomemset)
                  000061d4    0000001c                                   : memory.c.obj (.text:free_list_remove)
                  000061f0    0000001c                                   : memccpy.c.obj (.text:memccpy)
                  0000620c    0000001a                                   : s_copysign.c.obj (.text:copysign)
                  00006226    00000018                                   : vsnprintf.c.obj (.text:_outc)
                  0000623e    00000018                                   : sprintf.c.obj (.text:_outs)
                  00006256    00000018     open_interface.obj (.text:oi_parseInt)
                  0000626e    00000018     rtsv7M4_T_le_v4SPD16_eabi.lib : strcmp.c.obj (.text:strcmp)
                  00006286    00000016                                   : strchr.c.obj (.text:strchr)
                  0000629c    00000014                                   : strcpy.c.obj (.text:strcpy)
                  000062b0    00000014                                   : strlen.c.obj (.text:strlen)
                  000062c4    00000012                                   : wcslen.c.obj (.text:wcslen)
                  000062d6    00000010     driverlib.lib : interrupt.obj (.text:IntMasterEnable)
                  000062e6    00000010     lcd.obj (.text:lcd_clear)
                  000062f6    0000000e     rtsv7M4_T_le_v4SPD16_eabi.lib : copy_decompress_none.c.obj (.text:decompress:none:__TI_decompress_none)
                  00006304    0000000c     driverlib.lib : cpu.obj (.text:CPUcpsie)
                  00006310    0000000c     tm4c123gh6pm_startup_ccs.obj (.text)
                  0000631c    0000000a     rtsv7M4_T_le_v4SPD16_eabi.lib : sprintf.c.obj (.text:_outc)
                  00006326    00000002     --HOLE-- [fill = 0]
                  00006328    00000008                                   : errno.c.obj (.text:__aeabi_errno_addr)
                  00006330    00000008                                   : memory.c.obj (.text:malloc)
                  00006338    00000004                                   : error.c.obj (.text:__abort_execution)
                  0000633c    00000004                                   : pre_init.c.obj (.text:_system_pre_init)
                  00006340    00000004                                   : exit.c.obj (.text:abort:abort)

.const     0    00006348    000002f3     
                  00006348    00000158     rtsv7M4_T_le_v4SPD16_eabi.lib : k_rem_pio2.c.obj (.const:$O1$$)
                  000064a0    00000101                                   : ctype.c.obj (.const:.string:_ctypes_)
                  000065a1    00000004     lcd.obj (.const:.string:lineAddress$1)
                  000065a5    00000003     --HOLE-- [fill = 0]
                  000065a8    00000080     rtsv7M4_T_le_v4SPD16_eabi.lib : k_tan.c.obj (.const:xxx)
                  00006628    0000000f     open_interface.obj (.const:.string:$P$T0$3)
                  00006637    00000004     lcd.obj (.const:.string:lineAddresses$2)

.cinit     0    00006640    00000058     
                  00006640    00000020     (.cinit..data.load) [load image, compression = lzss]
                  00006660    0000000c     (__TI_handler_table)
                  0000666c    00000004     --HOLE-- [fill = 0]
                  00006670    00000008     (.cinit..bss.load) [load image, compression = zero_init]
                  00006678    00000008     (.cinit..vtable.load) [load image, compression = zero_init]
                  00006680    00000018     (__TI_cinit_table)

.init_array 
*          0    00000000    00000000     UNINITIALIZED

.vtable    0    20000000    0000026c     UNINITIALIZED
                  20000000    0000026c     driverlib.lib : interrupt.obj (.vtable)

.stack     0    20000270    00001000     UNINITIALIZED
                  20000270    00000004     rtsv7M4_T_le_v4SPD16_eabi.lib : boot_cortex_m.c.obj (.stack)
                  20000274    00000ffc     --HOLE--

.sysmem    0    20001270    00001000     UNINITIALIZED
                  20001270    00000010     rtsv7M4_T_le_v4SPD16_eabi.lib : memory.c.obj (.sysmem)
                  20001280    00000ff0     --HOLE--

.bss       0    20002270    00000089     UNINITIALIZED
                  20002270    00000054     lcd.obj (.bss:lastbuffer$3)
                  200022c4    00000018     open_interface.obj (.bss:firmware$2)
                  200022dc    00000004     (.common:_timeout_ticks)
                  200022e0    00000004     (.common:fallingEdge)
                  200022e4    00000004     (.common:isr_int_value)
                  200022e8    00000004     (.common:left_calibration_value)
                  200022ec    00000004     (.common:pulseLength)
                  200022f0    00000004     (.common:right_calibration_value)
                  200022f4    00000004     (.common:risingEdge)
                  200022f8    00000001     (.common:isRisingEdge)

.data      0    200022fc    0000004d     UNINITIALIZED
                  200022fc    00000020     open_interface.obj (.data)
                  2000231c    00000010     uart-interrupt.obj (.data)
                  2000232c    00000008     rtsv7M4_T_le_v4SPD16_eabi.lib : _lock.c.obj (.data:$O1$$)
                  20002334    00000008                                   : memory.c.obj (.data:$O1$$)
                  2000233c    00000004     libcybotScan.lib : cyBot_Scan.obj (.data)
                  20002340    00000004     rtsv7M4_T_le_v4SPD16_eabi.lib : errno.c.obj (.data)
                  20002344    00000004                                   : vla_alloc.c.obj (.data)
                  20002348    00000001     Timer.obj (.data)

__llvm_prf_cnts 
*          0    20000000    00000000     UNINITIALIZED

MODULE SUMMARY

       Module                         code    ro data   rw data
       ------                         ----    -------   -------
    .\
       main7.obj                      3216    0         8      
       open_interface.obj             3128    15        56     
       movement.obj                   936     0         0      
       lcd.obj                        824     8         84     
       tm4c123gh6pm_startup_ccs.obj   12      620       0      
       Timer.obj                      584     0         5      
       uart-interrupt.obj             532     0         16     
    +--+------------------------------+-------+---------+---------+
       Total:                         9232    643       169    
                                                               
    ../libcybotScan.lib
       cyBot_Scan.obj                 608     0         4      
       ping.obj                       492     0         13     
       servo.obj                      344     0         0      
       ir.obj                         280     0         4      
    +--+------------------------------+-------+---------+---------+
       Total:                         1724    0         21     
                                                               
    C:/ti/TivaWare_C_Series-2.2.0.295/driverlib/ccs/Debug/driverlib.lib
       interrupt.obj                  68      0         620    
       cpu.obj                        12      0         0      
    +--+------------------------------+-------+---------+---------+
       Total:                         80      0         620    
                                                               
    C:\ti\ccs1271\ccs\tools\compiler\ti-cgt-arm_20.2.7.LTS\lib\rtsv7M4_T_le_v4SPD16_eabi.lib
       _printfi.c.obj                 4851    0         0      
       k_rem_pio2.c.obj               1848    344       0      
       s_tan.c.obj                    1288    0         0      
       memory.c.obj                   956     0         8      
       k_tan.c.obj                    796     128       0      
       vla_alloc.c.obj                564     0         4      
       fd_add_t2.asm.obj              438     0         0      
       fd_div_t2.asm.obj              310     0         0      
       s_scalbn.c.obj                 272     0         0      
       fd_cmp_t2.asm.obj              268     0         0      
       ctype.c.obj                    0       257       0      
       fd_mul_t2.asm.obj              252     0         0      
       s_floor.c.obj                  248     0         0      
       memcpy_t2.asm.obj              156     0         0      
       ull_div_t2.asm.obj             150     0         0      
       vsnprintf.c.obj                136     0         0      
       memset_t2.asm.obj              122     0         0      
       fd_tos_t2.asm.obj              110     0         0      
       copy_decompress_lzss.c.obj     104     0         0      
       s_frexp.c.obj                  100     0         0      
       sprintf.c.obj                  98      0         0      
       _ltoa.c.obj                    84      0         0      
       atoi.c.obj                     76      0         0      
       fd_toi_t2.asm.obj              72      0         0      
       autoinit.c.obj                 68      0         0      
       fs_tod_t2.asm.obj              56      0         0      
       boot_cortex_m.c.obj            52      0         0      
       i_tofd_t2.asm.obj              46      0         0      
       copy_zero_init.c.obj           28      0         0      
       memccpy.c.obj                  28      0         0      
       s_copysign.c.obj               26      0         0      
       strcmp.c.obj                   24      0         0      
       strchr.c.obj                   22      0         0      
       strcpy.c.obj                   20      0         0      
       strlen.c.obj                   20      0         0      
       wcslen.c.obj                   18      0         0      
       copy_decompress_none.c.obj     14      0         0      
       errno.c.obj                    8       0         4      
       _lock.c.obj                    2       0         8      
       error.c.obj                    4       0         0      
       exit.c.obj                     4       0         0      
       pre_init.c.obj                 4       0         0      
       div0.asm.obj                   2       0         0      
    +--+------------------------------+-------+---------+---------+
       Total:                         13745   729       24     
                                                               
       Heap:                          0       0         4096   
       Stack:                         0       0         4096   
       Linker Generated:              0       84        0      
    +--+------------------------------+-------+---------+---------+
       Grand Total:                   24781   1456      9026   


LINKER GENERATED COPY TABLES

__TI_cinit_table @ 00006680 records: 3, size/record: 8, table size: 24
	.data: load addr=00006640, load size=00000020 bytes, run addr=200022fc, run size=0000004d bytes, compression=lzss
	.bss: load addr=00006670, load size=00000008 bytes, run addr=20002270, run size=00000089 bytes, compression=zero_init
	.vtable: load addr=00006678, load size=00000008 bytes, run addr=20000000, run size=0000026c bytes, compression=zero_init


LINKER GENERATED HANDLER TABLE

__TI_handler_table @ 00006660 records: 3, size/record: 4, table size: 12
	index: 0, handler: __TI_zero_init
	index: 1, handler: __TI_decompress_lzss
	index: 2, handler: __TI_decompress_none


GLOBAL SYMBOLS: SORTED ALPHABETICALLY BY Name 

address   name                          
-------   ----                          
0000510d  ADC0SS0_Handler               
00006341  C$$EXIT                       
00006305  CPUcpsie                      
00001853  GPIOF_Handler                 
000008d1  IRmultiScanTest               
000062d7  IntMasterEnable               
000060c9  IntRegister                   
0000093d  PingMultiScanTest             
00006311  ResetISR                      
000045b5  TIMER3B_Handler               
00004405  UART1_Handler                 
20001270  __STACK_END                   
00001000  __STACK_SIZE                  
20000470  __STACK_TOP                   
00001000  __SYSMEM_SIZE                 
00006680  __TI_CINIT_Base               
00006698  __TI_CINIT_Limit              
00006660  __TI_Handler_Table_Base       
0000666c  __TI_Handler_Table_Limit      
00005f55  __TI_auto_init_nobinit_nopinit
00005cf9  __TI_decompress_lzss          
000062f7  __TI_decompress_none          
00005e1b  __TI_ltoa                     
ffffffff  __TI_pprof_out_hndl           
00001b1d  __TI_printfi                  
ffffffff  __TI_prof_data_size           
ffffffff  __TI_prof_data_start          
00000000  __TI_static_base__            
000061b9  __TI_zero_init_nomemset       
00006339  __abort_execution             
0000593d  __aeabi_cdcmpeq               
0000593d  __aeabi_cdcmple               
000059c3  __aeabi_cdrcmple              
00005c8b  __aeabi_d2f                   
00005f0d  __aeabi_d2iz                  
0000488b  __aeabi_dadd                  
00004e19  __aeabi_ddiv                  
0000539d  __aeabi_dmul                  
00004881  __aeabi_dsub                  
00006329  __aeabi_errno_addr            
00006091  __aeabi_f2d                   
00006161  __aeabi_i2d                   
00004a37  __aeabi_idiv0                 
00004a37  __aeabi_ldiv0                 
00005a49  __aeabi_memclr                
00005a49  __aeabi_memclr4               
00005a49  __aeabi_memclr8               
0000580b  __aeabi_memcpy                
0000580b  __aeabi_memcpy4               
0000580b  __aeabi_memcpy8               
00005a4b  __aeabi_memset                
00005a4b  __aeabi_memset4               
00005a4b  __aeabi_memset8               
000058a7  __aeabi_uldivmod              
ffffffff  __binit__                     
ffffffff  __c_args__                    
0000256d  __kernel_rem_pio2             
0000387d  __kernel_tan                  
UNDEFED   __mpu_init                    
20000270  __stack                       
20000000  __start___llvm_prf_cnts       
20000000  __stop___llvm_prf_cnts        
00004b91  __vla_alloc                   
00005b3d  __vla_dealloc                 
000060fd  _c_int00_noargs               
000064a0  _ctypes_                      
2000232c  _lock                         
0000256b  _nop                          
20002348  _running                      
20001270  _sys_memory                   
UNDEFED   _system_post_cinit            
0000633d  _system_pre_init              
200022dc  _timeout_ticks                
20002330  _unlock                       
00006341  abort                         
0000529d  aligned_alloc                 
00005ec1  atoi                          
ffffffff  binit                         
00000e21  bufferAvg                     
00000ed3  calibrateServos               
00006059  calloc                        
000009e3  checkpoint1                   
2000231c  command_byte0                 
20002324  command_byte1                 
20002320  command_flag0                 
20002328  command_flag1                 
0000620d  copysign                      
0000620d  copysignl                     
00003ee1  cyBOT_SERVO_cal               
00003e6f  cyBOT_Scan                    
00003e17  cyBOT_init_Scan               
2000233c  cyBOT_scan_features           
00003e09  cyBOT_scan_version            
20002340  errno                         
200022e0  fallingEdge                   
00005499  floor                         
00005499  floorl                        
000033f9  forward_mm_detours            
00005591  free                          
00005d61  frexp                         
00005d61  frexpl                        
20000000  g_pfnRAMVectors               
00000000  g_pfnVectors                  
00000e7d  getLinWidth                   
0000160f  go_charge                     
00005123  ir_enableInterrupt            
00005105  ir_getDistance                
000050dd  ir_getValue                   
00005075  ir_init                       
200022f8  isRisingEdge                  
200022e4  isr_int_value                 
000062e7  lcd_clear                     
00003729  lcd_gotoLine                  
00003591  lcd_init                      
0000378f  lcd_printf                    
00003651  lcd_putc                      
00003689  lcd_puts                      
00003555  lcd_reverseNibble             
000036a7  lcd_sendCommand               
000036e5  lcd_sendNibble                
00003751  lcd_setCursorPos              
0000518d  ldexp                         
0000518d  ldexpl                        
200022e8  left_calibration_value        
0000026d  main                          
00006331  malloc                        
00000277  manAndAuto                    
0000529d  memalign                      
000061f1  memccpy                       
0000580b  memcpy                        
00005a51  memset                        
200022fc  motor_cal_factor_L            
20002300  motor_cal_factor_R            
00000375  moveToSmallest                
00003219  move_backward                 
000031ad  move_forward                  
0000328d  move_forward_bumpInt          
00000cab  multiScanIR                   
00000d51  multiScanPing                 
00000af9  nextObjEdges                  
000005a3  nextObjTest                   
00000efd  oi_alloc                      
00001739  oi_checkFirmware              
00000f57  oi_close                      
00000f09  oi_free                       
00001a7d  oi_getMotorCalibrationLeft    
00001a91  oi_getMotorCalibrationRight   
00000f41  oi_init                       
00000f19  oi_init_noupdate              
000015a5  oi_loadSong                   
00006257  oi_parseInt                   
00000fbb  oi_parsePacket                
000015fb  oi_play_song                  
000014db  oi_setLeds                    
00001a41  oi_setMotorCalibration        
0000151f  oi_setWheels                  
000017e1  oi_shutoff_init               
0000161d  oi_uartInit                   
000016c1  oi_uartReceive                
00001707  oi_uartSendBuff               
000016a5  oi_uartSendChar               
000016e9  oi_uartSendStr                
00000f69  oi_update                     
00000c5f  pingObstacle                  
00004607  ping_getDistance              
000044c5  ping_init                     
0000454b  ping_trigger                  
200022ec  pulseLength                   
00005675  realloc                       
200022f0  right_calibration_value       
200022f4  risingEdge                    
0000518d  scalbn                        
0000518d  scalbnl                       
000007b1  scanTest                      
00000a4d  sensorTest                    
00004a39  servo_init                    
00004ac9  servo_move                    
00004b29  servo_setPWM                  
00004abd  servo_stop                    
00005f99  sprintf                       
00006287  strchr                        
0000626f  strcmp                        
0000629d  strcpy                        
000062b1  strlen                        
00002ca5  tan                           
00002ca5  tanl                          
00004187  timer_getMicros               
0000412f  timer_getMillis               
00004069  timer_init                    
0000410b  timer_pause                   
0000411d  timer_resume                  
000040e1  timer_stop                    
000041e1  timer_waitMicros              
00004213  timer_waitMillis              
00003381  turn_left                     
0000330f  turn_right                    
000042b1  uart_interrupt_init           
00004383  uart_receive                  
000043a9  uart_recieve_nonblocking      
00004367  uart_sendChar                 
000043cf  uart_sendStr                  
00005fd9  vsnprintf                     
000062c5  wcslen                        


GLOBAL SYMBOLS: SORTED BY Symbol Address 

address   name                          
-------   ----                          
00000000  __TI_static_base__            
00000000  g_pfnVectors                  
0000026d  main                          
00000277  manAndAuto                    
00000375  moveToSmallest                
000005a3  nextObjTest                   
000007b1  scanTest                      
000008d1  IRmultiScanTest               
0000093d  PingMultiScanTest             
000009e3  checkpoint1                   
00000a4d  sensorTest                    
00000af9  nextObjEdges                  
00000c5f  pingObstacle                  
00000cab  multiScanIR                   
00000d51  multiScanPing                 
00000e21  bufferAvg                     
00000e7d  getLinWidth                   
00000ed3  calibrateServos               
00000efd  oi_alloc                      
00000f09  oi_free                       
00000f19  oi_init_noupdate              
00000f41  oi_init                       
00000f57  oi_close                      
00000f69  oi_update                     
00000fbb  oi_parsePacket                
00001000  __STACK_SIZE                  
00001000  __SYSMEM_SIZE                 
000014db  oi_setLeds                    
0000151f  oi_setWheels                  
000015a5  oi_loadSong                   
000015fb  oi_play_song                  
0000160f  go_charge                     
0000161d  oi_uartInit                   
000016a5  oi_uartSendChar               
000016c1  oi_uartReceive                
000016e9  oi_uartSendStr                
00001707  oi_uartSendBuff               
00001739  oi_checkFirmware              
000017e1  oi_shutoff_init               
00001853  GPIOF_Handler                 
00001a41  oi_setMotorCalibration        
00001a7d  oi_getMotorCalibrationLeft    
00001a91  oi_getMotorCalibrationRight   
00001b1d  __TI_printfi                  
0000256b  _nop                          
0000256d  __kernel_rem_pio2             
00002ca5  tan                           
00002ca5  tanl                          
000031ad  move_forward                  
00003219  move_backward                 
0000328d  move_forward_bumpInt          
0000330f  turn_right                    
00003381  turn_left                     
000033f9  forward_mm_detours            
00003555  lcd_reverseNibble             
00003591  lcd_init                      
00003651  lcd_putc                      
00003689  lcd_puts                      
000036a7  lcd_sendCommand               
000036e5  lcd_sendNibble                
00003729  lcd_gotoLine                  
00003751  lcd_setCursorPos              
0000378f  lcd_printf                    
0000387d  __kernel_tan                  
00003e09  cyBOT_scan_version            
00003e17  cyBOT_init_Scan               
00003e6f  cyBOT_Scan                    
00003ee1  cyBOT_SERVO_cal               
00004069  timer_init                    
000040e1  timer_stop                    
0000410b  timer_pause                   
0000411d  timer_resume                  
0000412f  timer_getMillis               
00004187  timer_getMicros               
000041e1  timer_waitMicros              
00004213  timer_waitMillis              
000042b1  uart_interrupt_init           
00004367  uart_sendChar                 
00004383  uart_receive                  
000043a9  uart_recieve_nonblocking      
000043cf  uart_sendStr                  
00004405  UART1_Handler                 
000044c5  ping_init                     
0000454b  ping_trigger                  
000045b5  TIMER3B_Handler               
00004607  ping_getDistance              
00004881  __aeabi_dsub                  
0000488b  __aeabi_dadd                  
00004a37  __aeabi_idiv0                 
00004a37  __aeabi_ldiv0                 
00004a39  servo_init                    
00004abd  servo_stop                    
00004ac9  servo_move                    
00004b29  servo_setPWM                  
00004b91  __vla_alloc                   
00004e19  __aeabi_ddiv                  
00005075  ir_init                       
000050dd  ir_getValue                   
00005105  ir_getDistance                
0000510d  ADC0SS0_Handler               
00005123  ir_enableInterrupt            
0000518d  ldexp                         
0000518d  ldexpl                        
0000518d  scalbn                        
0000518d  scalbnl                       
0000529d  aligned_alloc                 
0000529d  memalign                      
0000539d  __aeabi_dmul                  
00005499  floor                         
00005499  floorl                        
00005591  free                          
00005675  realloc                       
0000580b  __aeabi_memcpy                
0000580b  __aeabi_memcpy4               
0000580b  __aeabi_memcpy8               
0000580b  memcpy                        
000058a7  __aeabi_uldivmod              
0000593d  __aeabi_cdcmpeq               
0000593d  __aeabi_cdcmple               
000059c3  __aeabi_cdrcmple              
00005a49  __aeabi_memclr                
00005a49  __aeabi_memclr4               
00005a49  __aeabi_memclr8               
00005a4b  __aeabi_memset                
00005a4b  __aeabi_memset4               
00005a4b  __aeabi_memset8               
00005a51  memset                        
00005b3d  __vla_dealloc                 
00005c8b  __aeabi_d2f                   
00005cf9  __TI_decompress_lzss          
00005d61  frexp                         
00005d61  frexpl                        
00005e1b  __TI_ltoa                     
00005ec1  atoi                          
00005f0d  __aeabi_d2iz                  
00005f55  __TI_auto_init_nobinit_nopinit
00005f99  sprintf                       
00005fd9  vsnprintf                     
00006059  calloc                        
00006091  __aeabi_f2d                   
000060c9  IntRegister                   
000060fd  _c_int00_noargs               
00006161  __aeabi_i2d                   
000061b9  __TI_zero_init_nomemset       
000061f1  memccpy                       
0000620d  copysign                      
0000620d  copysignl                     
00006257  oi_parseInt                   
0000626f  strcmp                        
00006287  strchr                        
0000629d  strcpy                        
000062b1  strlen                        
000062c5  wcslen                        
000062d7  IntMasterEnable               
000062e7  lcd_clear                     
000062f7  __TI_decompress_none          
00006305  CPUcpsie                      
00006311  ResetISR                      
00006329  __aeabi_errno_addr            
00006331  malloc                        
00006339  __abort_execution             
0000633d  _system_pre_init              
00006341  C$$EXIT                       
00006341  abort                         
000064a0  _ctypes_                      
00006660  __TI_Handler_Table_Base       
0000666c  __TI_Handler_Table_Limit      
00006680  __TI_CINIT_Base               
00006698  __TI_CINIT_Limit              
20000000  __start___llvm_prf_cnts       
20000000  __stop___llvm_prf_cnts        
20000000  g_pfnRAMVectors               
20000270  __stack                       
20000470  __STACK_TOP                   
20001270  __STACK_END                   
20001270  _sys_memory                   
200022dc  _timeout_ticks                
200022e0  fallingEdge                   
200022e4  isr_int_value                 
200022e8  left_calibration_value        
200022ec  pulseLength                   
200022f0  right_calibration_value       
200022f4  risingEdge                    
200022f8  isRisingEdge                  
200022fc  motor_cal_factor_L            
20002300  motor_cal_factor_R            
2000231c  command_byte0                 
20002320  command_flag0                 
20002324  command_byte1                 
20002328  command_flag1                 
2000232c  _lock                         
20002330  _unlock                       
2000233c  cyBOT_scan_features           
20002340  errno                         
20002348  _running                      
ffffffff  __TI_pprof_out_hndl           
ffffffff  __TI_prof_data_size           
ffffffff  __TI_prof_data_start          
ffffffff  __binit__                     
ffffffff  __c_args__                    
ffffffff  binit                         
UNDEFED   __mpu_init                    
UNDEFED   _system_post_cinit            

[203 symbols]
