******************************************************************************
                  TI ARM Linker PC v20.2.7                     
******************************************************************************
>> Linked Sat Mar 29 23:21:10 2025

OUTPUT FILE NAME:   <Lab3.out>
ENTRY POINT SYMBOL: "_c_int00_noargs"  address: 00005a7d


MEMORY CONFIGURATION

         name            origin    length      used     unused   attr    fill
----------------------  --------  ---------  --------  --------  ----  --------
  FLASH                 00000000   00040000  00006003  00039ffd  R  X
  SRAM                  20000000   00008000  00002366  00005c9a  RW X


SEGMENT ALLOCATION MAP

run origin  load origin   length   init length attrs members
----------  ----------- ---------- ----------- ----- -------
00000000    00000000    00006008   00006008    r-x
  00000000    00000000    0000026c   0000026c    r-- .intvecs
  0000026c    0000026c    00005a54   00005a54    r-x .text
  00005cc0    00005cc0    000002f3   000002f3    r-- .const
  00005fb8    00005fb8    00000050   00000050    r-- .cinit
20000000    20000000    0000236d   00000000    rw-
  20000000    20000000    0000026c   00000000    rw- .vtable
  20000270    20000270    00001000   00000000    rw- .stack
  20001270    20001270    00001000   00000000    rw- .sysmem
  20002270    20002270    000000bd   00000000    rw- .bss
  20002330    20002330    0000003d   00000000    rw- .data


SECTION ALLOCATION MAP

 output                                  attributes/
section   page    origin      length       input sections
--------  ----  ----------  ----------   ----------------
.intvecs   0    00000000    0000026c     
                  00000000    0000026c     tm4c123gh6pm_startup_ccs.obj (.intvecs)

.text      0    0000026c    00005a54     
                  0000026c    00000c20     open_interface.obj (.text)
                  00000e8c    00000a4e     rtsv7M4_T_le_v4SPD16_eabi.lib : _printfi.c.obj (.text:__TI_printfi)
                  000018da    00000002                                   : _lock.c.obj (.text:_nop)
                  000018dc    00000898     main3.obj (.text)
                  00002174    00000738     rtsv7M4_T_le_v4SPD16_eabi.lib : k_rem_pio2.c.obj (.text:__kernel_rem_pio2)
                  000028ac    00000508                                   : s_tan.c.obj (.text:tan)
                  00002db4    000004f0     movement.obj (.text)
                  000032a4    00000328     lcd.obj (.text)
                  000035cc    0000031c     rtsv7M4_T_le_v4SPD16_eabi.lib : k_tan.c.obj (.text:__kernel_tan)
                  000038e8    00000270                                   : _printfi.c.obj (.text:_pconv_a)
                  00003b58    00000260     libcybotScan.lib : cyBot_Scan.obj (.text)
                  00003db8    00000248     Timer.obj (.text)
                  00004000    000001ec     libcybotScan.lib : ping.obj (.text)
                  000041ec    000001d0     rtsv7M4_T_le_v4SPD16_eabi.lib : _printfi.c.obj (.text:_pconv_g)
                  000043bc    000001b6                                   : fd_add_t2.asm.obj (.text)
                  00004572    00000002                                   : div0.asm.obj (.text)
                  00004574    0000015c     libcybotUART.lib : uart.obj (.text)
                  000046d0    00000158     libcybotScan.lib : servo.obj (.text)
                  00004828    0000013c     rtsv7M4_T_le_v4SPD16_eabi.lib : _printfi.c.obj (.text:_pconv_e)
                  00004964    00000136                                   : fd_div_t2.asm.obj (.text)
                  00004a9a    00000002     --HOLE-- [fill = 0]
                  00004a9c    00000124                                   : _printfi.c.obj (.text:fcvt)
                  00004bc0    00000118     libcybotScan.lib : ir.obj (.text)
                  00004cd8    00000110     rtsv7M4_T_le_v4SPD16_eabi.lib : s_scalbn.c.obj (.text:scalbn)
                  00004de8    00000100                                   : memory.c.obj (.text:aligned_alloc)
                  00004ee8    000000fc                                   : fd_mul_t2.asm.obj (.text)
                  00004fe4    000000f8                                   : s_floor.c.obj (.text:floor)
                  000050dc    000000e4                                   : memory.c.obj (.text:free)
                  000051c0    000000b1                                   : _printfi.c.obj (.text:_ltostr)
                  00005271    00000001     --HOLE-- [fill = 0]
                  00005272    0000009c                                   : memcpy_t2.asm.obj (.text)
                  0000530e    00000096                                   : ull_div_t2.asm.obj (.text)
                  000053a4    00000086                                   : fd_cmp_t2.asm.obj (.text:__aeabi_cdcmple)
                  0000542a    00000086                                   : fd_cmp_t2.asm.obj (.text:__aeabi_cdrcmple)
                  000054b0    0000007a                                   : memset_t2.asm.obj (.text)
                  0000552a    00000002     --HOLE-- [fill = 0]
                  0000552c    00000070                                   : memory.c.obj (.text:split)
                  0000559c    0000006e                                   : _printfi.c.obj (.text:_mcpy)
                  0000560a    0000006e                                   : fd_tos_t2.asm.obj (.text)
                  00005678    00000068                                   : copy_decompress_lzss.c.obj (.text:decompress:lzss:__TI_decompress_lzss)
                  000056e0    00000064                                   : s_frexp.c.obj (.text:frexp)
                  00005744    00000056                                   : _printfi.c.obj (.text:_pconv_f)
                  0000579a    00000054                                   : _ltoa.c.obj (.text:__TI_ltoa)
                  000057ee    00000052                                   : _printfi.c.obj (.text:_ecpy)
                  00005840    0000004c                                   : atoi.c.obj (.text:atoi)
                  0000588c    00000048                                   : fd_toi_t2.asm.obj (.text)
                  000058d4    00000044                                   : autoinit.c.obj (.text:__TI_auto_init_nobinit_nopinit:__TI_auto_init_nobinit_nopinit)
                  00005918    00000040                                   : sprintf.c.obj (.text:sprintf)
                  00005958    00000040                                   : vsnprintf.c.obj (.text:vsnprintf)
                  00005998    0000003e                                   : _printfi.c.obj (.text:_fcpy)
                  000059d6    00000002     --HOLE-- [fill = 0]
                  000059d8    00000038                                   : memory.c.obj (.text:calloc)
                  00005a10    00000038                                   : fs_tod_t2.asm.obj (.text)
                  00005a48    00000034     driverlib.lib : interrupt.obj (.text:IntRegister)
                  00005a7c    00000034     rtsv7M4_T_le_v4SPD16_eabi.lib : boot_cortex_m.c.obj (.text:_c_int00_noargs:_c_int00_noargs)
                  00005ab0    00000030                                   : vsnprintf.c.obj (.text:_outs)
                  00005ae0    0000002e                                   : i_tofd_t2.asm.obj (.text)
                  00005b0e    00000002     --HOLE-- [fill = 0]
                  00005b10    00000028                                   : memory.c.obj (.text:free_list_insert)
                  00005b38    0000001c                                   : copy_zero_init.c.obj (.text:decompress:ZI:__TI_zero_init_nomemset:__TI_zero_init_nomemset)
                  00005b54    0000001c                                   : memory.c.obj (.text:free_list_remove)
                  00005b70    0000001c                                   : memccpy.c.obj (.text:memccpy)
                  00005b8c    0000001a                                   : s_copysign.c.obj (.text:copysign)
                  00005ba6    00000018                                   : vsnprintf.c.obj (.text:_outc)
                  00005bbe    00000018                                   : sprintf.c.obj (.text:_outs)
                  00005bd6    00000018     open_interface.obj (.text:oi_parseInt)
                  00005bee    00000018     rtsv7M4_T_le_v4SPD16_eabi.lib : strcmp.c.obj (.text:strcmp)
                  00005c06    00000016                                   : strchr.c.obj (.text:strchr)
                  00005c1c    00000014                                   : strcpy.c.obj (.text:strcpy)
                  00005c30    00000014                                   : strlen.c.obj (.text:strlen)
                  00005c44    00000012                                   : wcslen.c.obj (.text:wcslen)
                  00005c56    00000010     driverlib.lib : interrupt.obj (.text:IntMasterEnable)
                  00005c66    00000010     lcd.obj (.text:lcd_clear)
                  00005c76    0000000e     rtsv7M4_T_le_v4SPD16_eabi.lib : copy_decompress_none.c.obj (.text:decompress:none:__TI_decompress_none)
                  00005c84    0000000c     driverlib.lib : cpu.obj (.text:CPUcpsie)
                  00005c90    0000000c     tm4c123gh6pm_startup_ccs.obj (.text)
                  00005c9c    0000000a     rtsv7M4_T_le_v4SPD16_eabi.lib : sprintf.c.obj (.text:_outc)
                  00005ca6    00000002     --HOLE-- [fill = 0]
                  00005ca8    00000008                                   : errno.c.obj (.text:__aeabi_errno_addr)
                  00005cb0    00000008                                   : memory.c.obj (.text:malloc)
                  00005cb8    00000004                                   : pre_init.c.obj (.text:_system_pre_init)
                  00005cbc    00000004                                   : exit.c.obj (.text:abort:abort)

.const     0    00005cc0    000002f3     
                  00005cc0    00000158     rtsv7M4_T_le_v4SPD16_eabi.lib : k_rem_pio2.c.obj (.const:$O1$$)
                  00005e18    00000101                                   : ctype.c.obj (.const:.string:_ctypes_)
                  00005f19    00000004     lcd.obj (.const:.string:lineAddress$1)
                  00005f1d    00000003     --HOLE-- [fill = 0]
                  00005f20    00000080     rtsv7M4_T_le_v4SPD16_eabi.lib : k_tan.c.obj (.const:xxx)
                  00005fa0    0000000f     open_interface.obj (.const:.string:$P$T0$3)
                  00005faf    00000004     lcd.obj (.const:.string:lineAddresses$2)

.cinit     0    00005fb8    00000050     
                  00005fb8    00000019     (.cinit..data.load) [load image, compression = lzss]
                  00005fd1    00000003     --HOLE-- [fill = 0]
                  00005fd4    0000000c     (__TI_handler_table)
                  00005fe0    00000008     (.cinit..bss.load) [load image, compression = zero_init]
                  00005fe8    00000008     (.cinit..vtable.load) [load image, compression = zero_init]
                  00005ff0    00000018     (__TI_cinit_table)

.init_array 
*          0    00000000    00000000     UNINITIALIZED

.vtable    0    20000000    0000026c     UNINITIALIZED
                  20000000    0000026c     driverlib.lib : interrupt.obj (.vtable)

.stack     0    20000270    00001000     UNINITIALIZED
                  20000270    00000004     rtsv7M4_T_le_v4SPD16_eabi.lib : boot_cortex_m.c.obj (.stack)
                  20000274    00000ffc     --HOLE--

.sysmem    0    20001270    00001000     UNINITIALIZED
                  20001270    00000010     rtsv7M4_T_le_v4SPD16_eabi.lib : memory.c.obj (.sysmem)
                  20001280    00000ff0     --HOLE--

.bss       0    20002270    000000bd     UNINITIALIZED
                  20002270    00000054     lcd.obj (.bss:lastbuffer$3)
                  200022c4    00000034     (.common:isr_char_buffer)
                  200022f8    00000018     open_interface.obj (.bss:firmware$2)
                  20002310    00000004     (.common:_timeout_ticks)
                  20002314    00000004     (.common:fallingEdge)
                  20002318    00000004     (.common:isr_int_value)
                  2000231c    00000004     (.common:left_calibration_value)
                  20002320    00000004     (.common:pulseLength)
                  20002324    00000004     (.common:right_calibration_value)
                  20002328    00000004     (.common:risingEdge)
                  2000232c    00000001     (.common:isRisingEdge)

.data      0    20002330    0000003d     UNINITIALIZED
                  20002330    00000020     open_interface.obj (.data)
                  20002350    00000008     rtsv7M4_T_le_v4SPD16_eabi.lib : _lock.c.obj (.data:$O1$$)
                  20002358    00000008                                   : memory.c.obj (.data:$O1$$)
                  20002360    00000004     libcybotScan.lib : cyBot_Scan.obj (.data)
                  20002364    00000004     libcybotUART.lib : uart.obj (.data)
                  20002368    00000004     rtsv7M4_T_le_v4SPD16_eabi.lib : errno.c.obj (.data)
                  2000236c    00000001     Timer.obj (.data)

__llvm_prf_cnts 
*          0    20000000    00000000     UNINITIALIZED

MODULE SUMMARY

       Module                         code    ro data   rw data
       ------                         ----    -------   -------
    .\
       open_interface.obj             3128    15        56     
       main3.obj                      2200    0         8      
       movement.obj                   1264    0         0      
       lcd.obj                        824     8         84     
       tm4c123gh6pm_startup_ccs.obj   12      620       0      
       Timer.obj                      584     0         5      
    +--+------------------------------+-------+---------+---------+
       Total:                         8012    643       153    
                                                               
    ../libcybotScan.lib
       cyBot_Scan.obj                 608     0         4      
       ping.obj                       492     0         13     
       servo.obj                      344     0         0      
       ir.obj                         280     0         4      
    +--+------------------------------+-------+---------+---------+
       Total:                         1724    0         21     
                                                               
    ../libcybotUART.lib
       uart.obj                       348     0         56     
    +--+------------------------------+-------+---------+---------+
       Total:                         348     0         56     
                                                               
    C:/ti/TivaWare_C_Series-2.2.0.295/driverlib/ccs/Debug/driverlib.lib
       interrupt.obj                  68      0         620    
       cpu.obj                        12      0         0      
    +--+------------------------------+-------+---------+---------+
       Total:                         80      0         620    
                                                               
    C:\ti\ccs1271\ccs\tools\compiler\ti-cgt-arm_20.2.7.LTS\lib\rtsv7M4_T_le_v4SPD16_eabi.lib
       _printfi.c.obj                 4851    0         0      
       k_rem_pio2.c.obj               1848    344       0      
       s_tan.c.obj                    1288    0         0      
       k_tan.c.obj                    796     128       0      
       memory.c.obj                   728     0         8      
       fd_add_t2.asm.obj              438     0         0      
       fd_div_t2.asm.obj              310     0         0      
       s_scalbn.c.obj                 272     0         0      
       fd_cmp_t2.asm.obj              268     0         0      
       ctype.c.obj                    0       257       0      
       fd_mul_t2.asm.obj              252     0         0      
       s_floor.c.obj                  248     0         0      
       memcpy_t2.asm.obj              156     0         0      
       ull_div_t2.asm.obj             150     0         0      
       vsnprintf.c.obj                136     0         0      
       memset_t2.asm.obj              122     0         0      
       fd_tos_t2.asm.obj              110     0         0      
       copy_decompress_lzss.c.obj     104     0         0      
       s_frexp.c.obj                  100     0         0      
       sprintf.c.obj                  98      0         0      
       _ltoa.c.obj                    84      0         0      
       atoi.c.obj                     76      0         0      
       fd_toi_t2.asm.obj              72      0         0      
       autoinit.c.obj                 68      0         0      
       fs_tod_t2.asm.obj              56      0         0      
       boot_cortex_m.c.obj            52      0         0      
       i_tofd_t2.asm.obj              46      0         0      
       copy_zero_init.c.obj           28      0         0      
       memccpy.c.obj                  28      0         0      
       s_copysign.c.obj               26      0         0      
       strcmp.c.obj                   24      0         0      
       strchr.c.obj                   22      0         0      
       strcpy.c.obj                   20      0         0      
       strlen.c.obj                   20      0         0      
       wcslen.c.obj                   18      0         0      
       copy_decompress_none.c.obj     14      0         0      
       errno.c.obj                    8       0         4      
       _lock.c.obj                    2       0         8      
       exit.c.obj                     4       0         0      
       pre_init.c.obj                 4       0         0      
       div0.asm.obj                   2       0         0      
    +--+------------------------------+-------+---------+---------+
       Total:                         12949   729       20     
                                                               
       Heap:                          0       0         4096   
       Stack:                         0       0         4096   
       Linker Generated:              0       77        0      
    +--+------------------------------+-------+---------+---------+
       Grand Total:                   23113   1449      9062   


LINKER GENERATED COPY TABLES

__TI_cinit_table @ 00005ff0 records: 3, size/record: 8, table size: 24
	.data: load addr=00005fb8, load size=00000019 bytes, run addr=20002330, run size=0000003d bytes, compression=lzss
	.bss: load addr=00005fe0, load size=00000008 bytes, run addr=20002270, run size=000000bd bytes, compression=zero_init
	.vtable: load addr=00005fe8, load size=00000008 bytes, run addr=20000000, run size=0000026c bytes, compression=zero_init


LINKER GENERATED HANDLER TABLE

__TI_handler_table @ 00005fd4 records: 3, size/record: 4, table size: 12
	index: 0, handler: __TI_zero_init
	index: 1, handler: __TI_decompress_lzss
	index: 2, handler: __TI_decompress_none


GLOBAL SYMBOLS: SORTED ALPHABETICALLY BY Name 

address   name                          
-------   ----                          
00004c59  ADC0SS0_Handler               
00005cbd  C$$EXIT                       
00005c85  CPUcpsie                      
00000bc3  GPIOF_Handler                 
00005c57  IntMasterEnable               
00005a49  IntRegister                   
00005c91  ResetISR                      
000040f1  TIMER3B_Handler               
20001270  __STACK_END                   
00001000  __STACK_SIZE                  
20000470  __STACK_TOP                   
00001000  __SYSMEM_SIZE                 
00005ff0  __TI_CINIT_Base               
00006008  __TI_CINIT_Limit              
00005fd4  __TI_Handler_Table_Base       
00005fe0  __TI_Handler_Table_Limit      
000058d5  __TI_auto_init_nobinit_nopinit
00005679  __TI_decompress_lzss          
00005c77  __TI_decompress_none          
0000579b  __TI_ltoa                     
ffffffff  __TI_pprof_out_hndl           
00000e8d  __TI_printfi                  
ffffffff  __TI_prof_data_size           
ffffffff  __TI_prof_data_start          
00000000  __TI_static_base__            
00005b39  __TI_zero_init_nomemset       
000053a5  __aeabi_cdcmpeq               
000053a5  __aeabi_cdcmple               
0000542b  __aeabi_cdrcmple              
0000560b  __aeabi_d2f                   
0000588d  __aeabi_d2iz                  
000043c7  __aeabi_dadd                  
00004965  __aeabi_ddiv                  
00004ee9  __aeabi_dmul                  
000043bd  __aeabi_dsub                  
00005ca9  __aeabi_errno_addr            
00005a11  __aeabi_f2d                   
00005ae1  __aeabi_i2d                   
00004573  __aeabi_idiv0                 
00004573  __aeabi_ldiv0                 
000054b1  __aeabi_memclr                
000054b1  __aeabi_memclr4               
000054b1  __aeabi_memclr8               
00005273  __aeabi_memcpy                
00005273  __aeabi_memcpy4               
00005273  __aeabi_memcpy8               
000054b3  __aeabi_memset                
000054b3  __aeabi_memset4               
000054b3  __aeabi_memset8               
0000530f  __aeabi_uldivmod              
ffffffff  __binit__                     
ffffffff  __c_args__                    
00002175  __kernel_rem_pio2             
000035cd  __kernel_tan                  
UNDEFED   __mpu_init                    
20000270  __stack                       
20000000  __start___llvm_prf_cnts       
20000000  __stop___llvm_prf_cnts        
00005a7d  _c_int00_noargs               
00005e18  _ctypes_                      
20002350  _lock                         
000018db  _nop                          
2000236c  _running                      
20001270  _sys_memory                   
UNDEFED   _system_post_cinit            
00005cb9  _system_pre_init              
20002310  _timeout_ticks                
20002354  _unlock                       
00005cbd  abort                         
00004de9  aligned_alloc                 
00005841  atoi                          
ffffffff  binit                         
000018e7  bonusCredit                   
00001d31  calibrateServos               
000059d9  calloc                        
00001c2b  checkpoint1                   
00001c9b  checkpoint2                   
00001a75  checkpoint3                   
00005b8d  copysign                      
00005b8d  copysignl                     
00003c31  cyBOT_SERVO_cal               
00003bbf  cyBOT_Scan                    
00003b67  cyBOT_init_Scan               
20002360  cyBOT_scan_features           
00003b59  cyBOT_scan_version            
0000467d  cyBot_UART1_Handler           
00004663  cyBot_getByte                 
00004575  cyBot_sendByte                
00004645  cyBot_uart_flush              
000045b3  cyBot_uart_init               
0000459b  cyBot_uart_sendBuffer         
00004581  cyBot_uart_sendStr            
20002368  errno                         
20002314  fallingEdge                   
00004fe5  floor                         
00004fe5  floorl                        
0000314d  forward_mm_detours            
00003001  forward_mm_redirect           
000050dd  free                          
000056e1  frexp                         
000056e1  frexpl                        
20000000  g_pfnRAMVectors               
00000000  g_pfnVectors                  
000020ab  getAngWidth                   
000020cd  getLinWidth                   
0000208b  getMidDeg                     
0000097f  go_charge                     
00004c6f  ir_enableInterrupt            
00004c51  ir_getDistance                
00004c29  ir_getValue                   
00004bc1  ir_init                       
2000232c  isRisingEdge                  
200022c4  isr_char_buffer               
20002364  isr_counter                   
20002318  isr_int_value                 
00005c67  lcd_clear                     
00003479  lcd_gotoLine                  
000032e1  lcd_init                      
000034df  lcd_printf                    
000033a1  lcd_putc                      
000033d9  lcd_puts                      
000032a5  lcd_reverseNibble             
000033f7  lcd_sendCommand               
00003435  lcd_sendNibble                
000034a1  lcd_setCursorPos              
00004cd9  ldexp                         
00004cd9  ldexpl                        
2000231c  left_calibration_value        
000018dd  main                          
00005cb1  malloc                        
00004de9  memalign                      
00005b71  memccpy                       
00005273  memcpy                        
000054b9  memset                        
20002330  motor_cal_factor_L            
20002334  motor_cal_factor_R            
00002e21  move_backward                 
00002db5  move_forward                  
00002e95  move_forward_bumpInt          
00001fc5  multiScan                     
00001e09  nextObject                    
0000026d  oi_alloc                      
00000aa9  oi_checkFirmware              
000002c7  oi_close                      
00000279  oi_free                       
00000ded  oi_getMotorCalibrationLeft    
00000e01  oi_getMotorCalibrationRight   
000002b1  oi_init                       
00000289  oi_init_noupdate              
00000915  oi_loadSong                   
00005bd7  oi_parseInt                   
0000032b  oi_parsePacket                
0000096b  oi_play_song                  
0000084b  oi_setLeds                    
00000db1  oi_setMotorCalibration        
0000088f  oi_setWheels                  
00000b51  oi_shutoff_init               
0000098d  oi_uartInit                   
00000a31  oi_uartReceive                
00000a77  oi_uartSendBuff               
00000a15  oi_uartSendChar               
00000a59  oi_uartSendStr                
000002d9  oi_update                     
00004143  ping_getDistance              
00004001  ping_init                     
00004087  ping_trigger                  
20002320  pulseLength                   
20002324  right_calibration_value       
20002328  risingEdge                    
00004cd9  scalbn                        
00004cd9  scalbnl                       
00001d49  scanTest                      
000046d1  servo_init                    
00004761  servo_move                    
000047c1  servo_setPWM                  
00004755  servo_stop                    
00005919  sprintf                       
00005c07  strchr                        
00005bef  strcmp                        
00005c1d  strcpy                        
00001be9  stringToPutty                 
00005c31  strlen                        
000028ad  tan                           
000028ad  tanl                          
00003ed7  timer_getMicros               
00003e7f  timer_getMillis               
00003db9  timer_init                    
00003e5b  timer_pause                   
00003e6d  timer_resume                  
00003e31  timer_stop                    
00003f31  timer_waitMicros              
00003f63  timer_waitMillis              
00002f89  turn_left                     
00002f17  turn_right                    
00005959  vsnprintf                     
00005c45  wcslen                        


GLOBAL SYMBOLS: SORTED BY Symbol Address 

address   name                          
-------   ----                          
00000000  __TI_static_base__            
00000000  g_pfnVectors                  
0000026d  oi_alloc                      
00000279  oi_free                       
00000289  oi_init_noupdate              
000002b1  oi_init                       
000002c7  oi_close                      
000002d9  oi_update                     
0000032b  oi_parsePacket                
0000084b  oi_setLeds                    
0000088f  oi_setWheels                  
00000915  oi_loadSong                   
0000096b  oi_play_song                  
0000097f  go_charge                     
0000098d  oi_uartInit                   
00000a15  oi_uartSendChar               
00000a31  oi_uartReceive                
00000a59  oi_uartSendStr                
00000a77  oi_uartSendBuff               
00000aa9  oi_checkFirmware              
00000b51  oi_shutoff_init               
00000bc3  GPIOF_Handler                 
00000db1  oi_setMotorCalibration        
00000ded  oi_getMotorCalibrationLeft    
00000e01  oi_getMotorCalibrationRight   
00000e8d  __TI_printfi                  
00001000  __STACK_SIZE                  
00001000  __SYSMEM_SIZE                 
000018db  _nop                          
000018dd  main                          
000018e7  bonusCredit                   
00001a75  checkpoint3                   
00001be9  stringToPutty                 
00001c2b  checkpoint1                   
00001c9b  checkpoint2                   
00001d31  calibrateServos               
00001d49  scanTest                      
00001e09  nextObject                    
00001fc5  multiScan                     
0000208b  getMidDeg                     
000020ab  getAngWidth                   
000020cd  getLinWidth                   
00002175  __kernel_rem_pio2             
000028ad  tan                           
000028ad  tanl                          
00002db5  move_forward                  
00002e21  move_backward                 
00002e95  move_forward_bumpInt          
00002f17  turn_right                    
00002f89  turn_left                     
00003001  forward_mm_redirect           
0000314d  forward_mm_detours            
000032a5  lcd_reverseNibble             
000032e1  lcd_init                      
000033a1  lcd_putc                      
000033d9  lcd_puts                      
000033f7  lcd_sendCommand               
00003435  lcd_sendNibble                
00003479  lcd_gotoLine                  
000034a1  lcd_setCursorPos              
000034df  lcd_printf                    
000035cd  __kernel_tan                  
00003b59  cyBOT_scan_version            
00003b67  cyBOT_init_Scan               
00003bbf  cyBOT_Scan                    
00003c31  cyBOT_SERVO_cal               
00003db9  timer_init                    
00003e31  timer_stop                    
00003e5b  timer_pause                   
00003e6d  timer_resume                  
00003e7f  timer_getMillis               
00003ed7  timer_getMicros               
00003f31  timer_waitMicros              
00003f63  timer_waitMillis              
00004001  ping_init                     
00004087  ping_trigger                  
000040f1  TIMER3B_Handler               
00004143  ping_getDistance              
000043bd  __aeabi_dsub                  
000043c7  __aeabi_dadd                  
00004573  __aeabi_idiv0                 
00004573  __aeabi_ldiv0                 
00004575  cyBot_sendByte                
00004581  cyBot_uart_sendStr            
0000459b  cyBot_uart_sendBuffer         
000045b3  cyBot_uart_init               
00004645  cyBot_uart_flush              
00004663  cyBot_getByte                 
0000467d  cyBot_UART1_Handler           
000046d1  servo_init                    
00004755  servo_stop                    
00004761  servo_move                    
000047c1  servo_setPWM                  
00004965  __aeabi_ddiv                  
00004bc1  ir_init                       
00004c29  ir_getValue                   
00004c51  ir_getDistance                
00004c59  ADC0SS0_Handler               
00004c6f  ir_enableInterrupt            
00004cd9  ldexp                         
00004cd9  ldexpl                        
00004cd9  scalbn                        
00004cd9  scalbnl                       
00004de9  aligned_alloc                 
00004de9  memalign                      
00004ee9  __aeabi_dmul                  
00004fe5  floor                         
00004fe5  floorl                        
000050dd  free                          
00005273  __aeabi_memcpy                
00005273  __aeabi_memcpy4               
00005273  __aeabi_memcpy8               
00005273  memcpy                        
0000530f  __aeabi_uldivmod              
000053a5  __aeabi_cdcmpeq               
000053a5  __aeabi_cdcmple               
0000542b  __aeabi_cdrcmple              
000054b1  __aeabi_memclr                
000054b1  __aeabi_memclr4               
000054b1  __aeabi_memclr8               
000054b3  __aeabi_memset                
000054b3  __aeabi_memset4               
000054b3  __aeabi_memset8               
000054b9  memset                        
0000560b  __aeabi_d2f                   
00005679  __TI_decompress_lzss          
000056e1  frexp                         
000056e1  frexpl                        
0000579b  __TI_ltoa                     
00005841  atoi                          
0000588d  __aeabi_d2iz                  
000058d5  __TI_auto_init_nobinit_nopinit
00005919  sprintf                       
00005959  vsnprintf                     
000059d9  calloc                        
00005a11  __aeabi_f2d                   
00005a49  IntRegister                   
00005a7d  _c_int00_noargs               
00005ae1  __aeabi_i2d                   
00005b39  __TI_zero_init_nomemset       
00005b71  memccpy                       
00005b8d  copysign                      
00005b8d  copysignl                     
00005bd7  oi_parseInt                   
00005bef  strcmp                        
00005c07  strchr                        
00005c1d  strcpy                        
00005c31  strlen                        
00005c45  wcslen                        
00005c57  IntMasterEnable               
00005c67  lcd_clear                     
00005c77  __TI_decompress_none          
00005c85  CPUcpsie                      
00005c91  ResetISR                      
00005ca9  __aeabi_errno_addr            
00005cb1  malloc                        
00005cb9  _system_pre_init              
00005cbd  C$$EXIT                       
00005cbd  abort                         
00005e18  _ctypes_                      
00005fd4  __TI_Handler_Table_Base       
00005fe0  __TI_Handler_Table_Limit      
00005ff0  __TI_CINIT_Base               
00006008  __TI_CINIT_Limit              
20000000  __start___llvm_prf_cnts       
20000000  __stop___llvm_prf_cnts        
20000000  g_pfnRAMVectors               
20000270  __stack                       
20000470  __STACK_TOP                   
20001270  __STACK_END                   
20001270  _sys_memory                   
200022c4  isr_char_buffer               
20002310  _timeout_ticks                
20002314  fallingEdge                   
20002318  isr_int_value                 
2000231c  left_calibration_value        
20002320  pulseLength                   
20002324  right_calibration_value       
20002328  risingEdge                    
2000232c  isRisingEdge                  
20002330  motor_cal_factor_L            
20002334  motor_cal_factor_R            
20002350  _lock                         
20002354  _unlock                       
20002360  cyBOT_scan_features           
20002364  isr_counter                   
20002368  errno                         
2000236c  _running                      
ffffffff  __TI_pprof_out_hndl           
ffffffff  __TI_prof_data_size           
ffffffff  __TI_prof_data_start          
ffffffff  __binit__                     
ffffffff  __c_args__                    
ffffffff  binit                         
UNDEFED   __mpu_init                    
UNDEFED   _system_post_cinit            

[196 symbols]
